// Jest Snapshot v1, https://goo.gl/fbAQLP

exports[`Combobox  Render should render 1`] = `
<DocumentFragment>
  .emotion-11 {
  box-sizing: border-box;
  position: relative;
}

.emotion-2 {
  box-sizing: border-box;
  border-bottom-width: borderWidth0;
  display: block;
  margin-bottom: space10;
  padding-left: space0;
  padding-right: space0;
  text-transform: none;
}

.emotion-1 {
  box-sizing: border-box;
  -webkit-box-pack: start;
  -webkit-justify-content: flex-start;
  -ms-flex-pack: start;
  justify-content: flex-start;
  -webkit-align-items: center;
  -webkit-box-align: center;
  -ms-flex-align: center;
  align-items: center;
  display: -webkit-box;
  display: -webkit-flex;
  display: -ms-flexbox;
  display: flex;
  min-width: size0;
}

.emotion-0 {
  margin: 0;
  padding: 0;
  font-size: fontSize30;
  font-weight: fontWeightSemibold;
  line-height: lineHeight30;
  color: colorText;
  cursor: pointer;
}

.emotion-7 {
  box-sizing: border-box;
  display: -webkit-box;
  display: -webkit-flex;
  display: -ms-flexbox;
  display: flex;
  width: 100%;
  background-color: colorBackgroundBody;
  box-shadow: shadowBorder;
  border-radius: borderRadius20;
  -webkit-transition: box-shadow 100ms ease-in;
  transition: box-shadow 100ms ease-in;
  cursor: text;
}

.emotion-7:hover {
  box-shadow: shadowBorderPrimaryDark;
}

.emotion-7:focus-within {
  box-shadow: shadowFocus;
}

.emotion-7:active,
.emotion-7[data-active=true] {
  box-shadow: shadowBorderPrimaryDarker;
}

.emotion-6 {
  box-sizing: border-box;
  display: -webkit-box;
  display: -webkit-flex;
  display: -ms-flexbox;
  display: flex;
  position: relative;
  width: 100%;
}

.emotion-3 {
  box-sizing: border-box;
  -webkit-appearance: none;
  -moz-appearance: none;
  appearance: none;
  border-width: borderWidth0;
  background-color: transparent;
  outline: none;
  resize: none;
  display: block;
  width: 100%;
  font-family: inherit;
  font-size: fontSize30;
  line-height: lineHeight30;
  font-weight: fontWeightNormal;
  color: colorText;
  padding-top: space30;
  padding-right: space40;
  padding-bottom: space30;
  padding-left: space40;
  border-radius: borderRadius20;
  box-shadow: none;
}

.emotion-3::-webkit-input-placeholder {
  color: colorTextWeak;
  font-style: italic;
}

.emotion-3::-moz-placeholder {
  color: colorTextWeak;
  font-style: italic;
}

.emotion-3:-ms-input-placeholder {
  color: colorTextWeak;
  font-style: italic;
}

.emotion-3::placeholder {
  color: colorTextWeak;
  font-style: italic;
}

.emotion-3:disabled,
.emotion-3:disabled:focus,
.emotion-3:disabled:hover,
.emotion-3[aria-disabled=true],
.emotion-3[aria-disabled=true]:focus,
.emotion-3[aria-disabled=true]:hover {
  cursor: not-allowed;
  color: colorTextWeak;
}

.emotion-5 {
  box-sizing: border-box;
  -webkit-align-items: center;
  -webkit-box-align: center;
  -ms-flex-align: center;
  align-items: center;
  display: -webkit-inline-box;
  display: -webkit-inline-flex;
  display: -ms-inline-flexbox;
  display: inline-flex;
  position: absolute;
  pointer-events: none;
  right: space30;
  top: 50%;
  -webkit-transform: translateY(-50%);
  -ms-transform: translateY(-50%);
  transform: translateY(-50%);
  z-index: zIndex10;
}

.emotion-4 {
  box-sizing: border-box;
  color: currentColor;
  display: -webkit-inline-box;
  display: -webkit-inline-flex;
  display: -ms-inline-flexbox;
  display: inline-flex;
  width: sizeIcon30;
  height: sizeIcon30;
}

.emotion-8 {
  box-sizing: border-box;
  background-color: colorBackgroundBody;
  border-bottom-left-radius: borderRadius20;
  border-bottom-right-radius: borderRadius20;
  box-shadow: shadowCard;
  list-style-type: none;
  margin: space0;
  max-height: size50;
  overflow-y: auto;
  padding: space0;
  position: absolute;
  width: 100%;
  z-index: zIndex10;
  margin-top: space20;
}

.emotion-10 {
  box-sizing: border-box;
  -webkit-box-pack: start;
  -webkit-justify-content: flex-start;
  -ms-flex-pack: start;
  justify-content: flex-start;
  -webkit-align-items: center;
  -webkit-box-align: center;
  -ms-flex-align: center;
  align-items: center;
  display: -webkit-box;
  display: -webkit-flex;
  display: -ms-flexbox;
  display: flex;
  margin-top: space20;
  min-width: size0;
}

.emotion-9 {
  margin: 0;
  padding: 0;
  font-size: fontSize30;
  line-height: lineHeight30;
  color: colorTextWeak;
}

<div
    class="emotion-11"
    data-paste-element="BOX"
  >
    <label
      class="emotion-2"
      data-paste-element="FORM_LABEL"
      display="block"
      for="downshift-0-input"
      id="downshift-1-label"
    >
      <span
        class="emotion-1"
        data-paste-element="FLEX"
        display="flex"
      >
        <span
          class="emotion-0"
          color="colorText"
          cursor="pointer"
          data-paste-element="FORM_LABEL_TEXT"
          font-size="fontSize30"
          font-weight="fontWeightSemibold"
        >
          Choose a component:
        </span>
      </span>
    </label>
    <div
      class="emotion-7"
      cursor="text"
      data-paste-element="BOX"
      display="flex"
      width="100%"
    >
      <div
        aria-expanded="false"
        aria-haspopup="listbox"
        aria-owns="downshift-1-menu"
        class="emotion-6"
        data-paste-element="BOX"
        display="flex"
        role="combobox"
        width="100%"
      >
        <input
          aria-autocomplete="list"
          aria-controls="downshift-1-menu"
          aria-describedby="1"
          aria-labelledby="downshift-1-label"
          autocomplete="off"
          class="emotion-3"
          color="colorText"
          data-paste-element="BOX"
          display="block"
          font-family="inherit"
          font-size="fontSize30"
          font-weight="fontWeightNormal"
          id="downshift-0-input"
          tabindex="0"
          type="text"
          value=""
          width="100%"
        />
        <div
          class="emotion-5"
          data-paste-element="BOX"
          display="inline-flex"
          pointer-events="none"
          transform="translateY(-50%)"
        >
          <span
            aria-hidden="true"
            class="emotion-4"
            color="currentColor"
            data-paste-element="ICON"
            display="inline-flex"
          >
            <svg
              aria-hidden="true"
              aria-labelledby="1"
              height="100%"
              role="img"
              viewBox="0 0 24 24"
              width="100%"
            >
              <path
                d="M16.128 10.166a.5.5 0 01.798.596l-.054.072-4.5 5a.5.5 0 01-.672.066l-.072-.066-4.5-5a.5.5 0 01.678-.73l.066.062L12 14.752l4.128-4.586z"
                fill="currentColor"
                fill-rule="evenodd"
              />
            </svg>
          </span>
        </div>
      </div>
    </div>
    <ul
      aria-labelledby="downshift-1-label"
      class="emotion-8"
      data-paste-element="BOX"
      id="downshift-1-menu"
      role="listbox"
      width="100%"
    />
    <div
      class="emotion-10"
      data-paste-element="FLEX"
      display="flex"
    >
      <div
        class="emotion-9"
        color="colorTextWeak"
        data-paste-element="TEXT"
        font-size="fontSize30"
        id="1"
      >
        This is the help text
      </div>
    </div>
  </div>
</DocumentFragment>
`;
